mysql> USE dswork;
Database changed
mysql> \. create_tables.sql;
ERROR: 
Failed to open file 'create_tables.sql;', error: 2
mysql> \. create_tables.sql
ERROR 1064 (42000): You have an error in your SQL syntax; check the manual that corresponds to your MySQL server version for the right syntax to use near 'NOT NULL,
                deptname VARCHAR(36)    NOT NULL,
                mgrn' at line 2
Query OK, 0 rows affected (0.04 sec)

mysql> SHOW TABLES;
+------------------+
| Tables_in_dswork |
+------------------+
| Emp              |
+------------------+
1 row in set (0.00 sec)

mysql> DROP TABLE Emp;
Query OK, 0 rows affected (0.02 sec)

mysql> \. create_tables.sql
Query OK, 0 rows affected (0.02 sec)

Query OK, 0 rows affected (0.02 sec)

mysql> SHOW TABLES;
+------------------+
| Tables_in_dswork |
+------------------+
| Dept             |
| Emp              |
+------------------+
2 rows in set (0.00 sec)

mysql> DESC Emp;
+-----------+--------------+------+-----+---------+-------+
| Field     | Type         | Null | Key | Default | Extra |
+-----------+--------------+------+-----+---------+-------+
| empno     | char(6)      | NO   | PRI | NULL    |       |
| firstname | varchar(12)  | NO   |     | NULL    |       |
| midinit   | char(1)      | NO   |     | NULL    |       |
| lastname  | varchar(15)  | NO   |     | NULL    |       |
| workdept  | char(3)      | YES  |     | NULL    |       |
| phoneno   | char(4)      | YES  |     | NULL    |       |
| hiredate  | date         | YES  |     | NULL    |       |
| job       | char(10)     | YES  |     | NULL    |       |
| edlevel   | int(2)       | YES  |     | NULL    |       |
| sex       | char(1)      | YES  |     | NULL    |       |
| birthdate | date         | YES  |     | NULL    |       |
| salary    | decimal(8,2) | YES  |     | NULL    |       |
| bonus     | decimal(8,2) | YES  |     | NULL    |       |
| comm      | decimal(8,2) | YES  |     | NULL    |       |
+-----------+--------------+------+-----+---------+-------+
14 rows in set (0.01 sec)

mysql> DESC Dept;
+----------+-------------+------+-----+---------+-------+
| Field    | Type        | Null | Key | Default | Extra |
+----------+-------------+------+-----+---------+-------+
| deptno   | char(3)     | NO   | PRI | NULL    |       |
| deptname | varchar(36) | NO   |     | NULL    |       |
| mgrno    | char(6)     | YES  |     | NULL    |       |
| admrdept | char(3)     | NO   |     | NULL    |       |
+----------+-------------+------+-----+---------+-------+
4 rows in set (0.00 sec)

mysql> SHOW COLUMNS FROM Emp;
+-----------+--------------+------+-----+---------+-------+
| Field     | Type         | Null | Key | Default | Extra |
+-----------+--------------+------+-----+---------+-------+
| empno     | char(6)      | NO   | PRI | NULL    |       |
| firstname | varchar(12)  | NO   |     | NULL    |       |
| midinit   | char(1)      | NO   |     | NULL    |       |
| lastname  | varchar(15)  | NO   |     | NULL    |       |
| workdept  | char(3)      | YES  |     | NULL    |       |
| phoneno   | char(4)      | YES  |     | NULL    |       |
| hiredate  | date         | YES  |     | NULL    |       |
| job       | char(10)     | YES  |     | NULL    |       |
| edlevel   | int(2)       | YES  |     | NULL    |       |
| sex       | char(1)      | YES  |     | NULL    |       |
| birthdate | date         | YES  |     | NULL    |       |
| salary    | decimal(8,2) | YES  |     | NULL    |       |
| bonus     | decimal(8,2) | YES  |     | NULL    |       |
| comm      | decimal(8,2) | YES  |     | NULL    |       |
+-----------+--------------+------+-----+---------+-------+
14 rows in set (0.00 sec)

mysql> \. insemp.sql
Query OK, 1 row affected (0.01 sec)

Query OK, 1 row affected (0.00 sec)

Query OK, 1 row affected (0.01 sec)

Query OK, 1 row affected (0.00 sec)

Query OK, 1 row affected (0.01 sec)

Query OK, 1 row affected (0.00 sec)

Query OK, 1 row affected (0.00 sec)

Query OK, 1 row affected (0.00 sec)

Query OK, 1 row affected (0.00 sec)

Query OK, 1 row affected (0.01 sec)

Query OK, 1 row affected (0.00 sec)

Query OK, 1 row affected (0.00 sec)

Query OK, 1 row affected (0.00 sec)

Query OK, 1 row affected (0.01 sec)

Query OK, 1 row affected (0.00 sec)

Query OK, 1 row affected (0.00 sec)

Query OK, 1 row affected (0.00 sec)

Query OK, 1 row affected (0.00 sec)

Query OK, 1 row affected (0.00 sec)

Query OK, 1 row affected (0.00 sec)

Query OK, 1 row affected (0.00 sec)

Query OK, 1 row affected (0.01 sec)

Query OK, 1 row affected (0.00 sec)

Query OK, 1 row affected (0.00 sec)

Query OK, 1 row affected (0.00 sec)

Query OK, 1 row affected (0.00 sec)

Query OK, 1 row affected (0.01 sec)

Query OK, 1 row affected (0.00 sec)

Query OK, 1 row affected (0.00 sec)

Query OK, 1 row affected (0.01 sec)

Query OK, 1 row affected (0.00 sec)

Query OK, 1 row affected (0.01 sec)

mysql> SELECT * FROM Emp;
+--------+-----------+---------+-----------+----------+---------+------------+------------+---------+------+------------+-----------+---------+---------+
| empno  | firstname | midinit | lastname  | workdept | phoneno | hiredate   | job        | edlevel | sex  | birthdate  | salary    | bonus   | comm    |
+--------+-----------+---------+-----------+----------+---------+------------+------------+---------+------+------------+-----------+---------+---------+
| 000010 | Christine | I       | Haas      | A00      | 3978    | 2000-01-01 | Pres       |      18 | F    | 1968-08-14 | 312750.00 | 1000.00 | 4220.00 |
| 000020 | Michael   | L       | Thompson  | B01      | 3476    | 2008-10-10 | Manager    |      18 | M    | 1983-02-02 | 161250.00 |  800.00 | 3000.00 |
| 000030 | Sally     | A       | Kwan      | C01      | 4738    | 2010-05-05 | Manager    |      20 | F    | 1980-05-11 | 158250.00 |  800.00 | 3060.00 |
| 000050 | John      | B       | Geyer     | E01      | 6789    | 2003-08-17 | Manager    |      16 | M    | 1975-09-15 | 160175.00 |  800.00 | 3214.00 |
| 000060 | Irving    | F       | Stern     | D11      | 6423    | 2003-09-14 | Manager    |      16 | M    | 1975-07-07 | 155555.00 |  600.00 | 2580.00 |
| 000070 | Eva       | D       | Pulaski   | D21      | 7831    | 2000-09-30 | Manager    |      16 | F    | 1983-05-26 | 156170.00 |  700.00 | 2893.00 |
| 000090 | Eileen    | W       | Henderson | E11      | 5498    | 2002-08-15 | Manager    |      16 | F    | 1976-05-15 | 149750.00 |  600.00 | 2380.00 |
| 000100 | Theodore  | Q       | Spenser   | E21      | 0972    | 2006-06-19 | Manager    |      14 | M    | 1989-12-18 | 146150.00 |  500.00 | 2092.00 |
| 000110 | Vincenzo  | G       | Lucchesi  | A00      | 3490    | 2003-05-16 | Salesrep   |      19 | M    | 1983-11-05 | 156500.00 |  900.00 | 3720.00 |
| 000120 | Sean      |         | Oconnell  | A00      | 2167    | 2003-10-05 | Programmer |      14 | M    | 1982-10-18 |  99250.00 |  600.00 | 2340.00 |
| 000130 | Dolores   | M       | Quintana  | C01      | 4578    | 2006-07-28 | Analyst    |      16 | F    | 1985-09-15 |  93800.00 |  500.00 | 1904.00 |
| 000140 | Heather   | A       | Nicholls  | C01      | 1793    | 2006-12-15 | Analyst    |      18 | F    | 1986-10-19 |  88420.00 |  600.00 | 2274.00 |
| 000150 | Bruce     |         | Adamson   | D11      | 4510    | 2007-02-12 | Designer   |      16 | M    | 1982-05-17 |  95280.00 |  500.00 | 2022.00 |
| 000160 | Elizabeth | R       | Pianka    | D11      | 3782    | 2009-10-11 | Designer   |      17 | F    | 1987-04-12 |  92250.00 |  400.00 | 1780.00 |
| 000170 | Masatoshi | J       | Yoshimura | D11      | 2890    | 2008-01-01 | Designer   |      16 | M    | 1986-01-05 |  84680.00 |  500.00 | 1974.00 |
| 000180 | Marilyn   | S       | Scoutten  | D11      | 1682    | 2003-07-07 | Designer   |      17 | F    | 1982-02-21 |  81340.00 |  500.00 | 1707.00 |
| 000190 | James     | H       | Walker    | D11      | 2986    | 2012-07-26 | Designer   |      16 | M    | 1992-06-25 |  70450.00 |  400.00 | 1636.00 |
| 000200 | David     |         | Brown     | D11      | 4501    | 2008-03-03 | Designer   |      16 | M    | 1986-05-29 |  77740.00 |  600.00 | 2217.00 |
| 000210 | William   | T       | Jones     | D11      | 0942    | 2009-04-11 | Designer   |      17 | M    | 1983-03-23 |  88270.00 |  400.00 | 1462.00 |
| 000220 | Jennifer  | K       | Lutz      | D11      | 0672    | 2004-08-29 | Designer   |      18 | F    | 1979-03-19 |  89840.00 |  600.00 | 2387.00 |
| 000230 | James     | J       | Jefferson | D21      | 2094    | 2011-11-21 | Programmer |      14 | M    | 1985-05-30 |  62180.00 |  400.00 | 1774.00 |
| 000240 | Salvatore | M       | Marino    | D21      | 3780    | 2009-12-05 | Programmer |      17 | M    | 1984-03-31 |  68760.00 |  600.00 | 2301.00 |
| 000250 | Daniel    | S       | Smith     | D21      | 0961    | 2009-10-30 | Programmer |      15 | M    | 1982-11-12 |  59180.00 |  400.00 | 1534.00 |
| 000260 | Sybil     | V       | Johnson   | D21      | 8953    | 2005-09-11 | Programmer |      16 | F    | 1986-10-05 |  57250.00 |  300.00 | 1380.00 |
| 000270 | 03ia      | L       | Perez     | D21      | 9001    | 2009-09-30 | Programmer |      15 | F    | 1983-05-26 |  57380.00 |  500.00 | 2190.00 |
| 000280 | Ethel     | R       | Schneider | E11      | 8997    | 2009-03-24 | Operator   |      17 | F    | 1986-03-28 |  86250.00 |  500.00 | 2100.00 |
| 000290 | John      | R       | Parker    | E11      | 4502    | 2006-05-30 | Operator   |      12 | M    | 1988-07-09 |  75340.00 |  300.00 | 1227.00 |
| 000300 | Philip    | X       | Smith     | E11      | 2095    | 2007-06-19 | Operator   |      14 | M    | 1986-10-27 |  77750.00 |  400.00 | 1420.00 |
| 000310 | Maude     | F       | Setright  | E11      | 3332    | 2001-09-12 | Operator   |      12 | F    | 1981-04-21 |  75900.00 |  300.00 | 1272.00 |
| 000320 | Ramlal    | V       | Mehta     | E21      | 9990    | 2005-07-07 | Fieldrep   |      16 | M    | 1982-08-11 |  99950.00 |  400.00 | 1596.00 |
| 000330 | Wing      |         | Lee       | E21      | 2103    | 1999-02-23 | Fieldrep   |      14 | M    | 1981-07-18 |  95370.00 |  500.00 | 2030.00 |
| 000340 | Jason     | R       | Gounot    | E21      | 5698    | 1999-05-05 | Fieldrep   |      16 | M    | 1976-05-17 | 123840.00 |  500.00 | 1907.00 |
+--------+-----------+---------+-----------+----------+---------+------------+------------+---------+------+------------+-----------+---------+---------+
32 rows in set (0.00 sec)

mysql> \. insdept.sql;
ERROR: 
Failed to open file 'insdept.sql;', error: 2
mysql> \. insdept.sql
Query OK, 1 row affected (0.00 sec)

Query OK, 1 row affected (0.01 sec)

Query OK, 1 row affected (0.00 sec)

Query OK, 1 row affected (0.00 sec)

Query OK, 1 row affected (0.01 sec)

Query OK, 1 row affected (0.00 sec)

Query OK, 1 row affected (0.00 sec)

Query OK, 1 row affected (0.00 sec)

Query OK, 1 row affected (0.00 sec)

mysql> SELECT * FROM Dept;
+--------+------------------------------+--------+----------+
| deptno | deptname                     | mgrno  | admrdept |
+--------+------------------------------+--------+----------+
| A00    | Spiffy Computer Service DIV. | 000010 | A00      |
| B01    | Planning                     | 000020 | A00      |
| C01    | Information Centre           | 000030 | A00      |
| D01    | Development Centre           | NULL   | A00      |
| D11    | Manufacturing Systems        | 000060 | D01      |
| D21    | Administration Systems       | 000070 | D01      |
| E01    | Support Services             | 000050 | A00      |
| E11    | Operations                   | 000090 | E01      |
| E21    | Software Support             | 000100 | E01      |
+--------+------------------------------+--------+----------+
9 rows in set (0.00 sec)

mysql> pager less -SFX
PAGER set to 'less -SFX'
mysql> SELECT * FROM Emp;
+--------+-----------+---------+-----------+----------+---------+------------+------------+---------+------+------------+-----------+---------+---------+
| empno  | firstname | midinit | lastname  | workdept | phoneno | hiredate   | job        | edlevel | sex  | birthdate  | salary    | bonus   | comm    |
+--------+-----------+---------+-----------+----------+---------+------------+------------+---------+------+------------+-----------+---------+---------+
| 000010 | Christine | I       | Haas      | A00      | 3978    | 2000-01-01 | Pres       |      18 | F    | 1968-08-14 | 312750.00 | 1000.00 | 4220.00 |
| 000020 | Michael   | L       | Thompson  | B01      | 3476    | 2008-10-10 | Manager    |      18 | M    | 1983-02-02 | 161250.00 |  800.00 | 3000.00 |
| 000030 | Sally     | A       | Kwan      | C01      | 4738    | 2010-05-05 | Manager    |      20 | F    | 1980-05-11 | 158250.00 |  800.00 | 3060.00 |
| 000050 | John      | B       | Geyer     | E01      | 6789    | 2003-08-17 | Manager    |      16 | M    | 1975-09-15 | 160175.00 |  800.00 | 3214.00 |
| 000060 | Irving    | F       | Stern     | D11      | 6423    | 2003-09-14 | Manager    |      16 | M    | 1975-07-07 | 155555.00 |  600.00 | 2580.00 |
| 000070 | Eva       | D       | Pulaski   | D21      | 7831    | 2000-09-30 | Manager    |      16 | F    | 1983-05-26 | 156170.00 |  700.00 | 2893.00 |
| 000090 | Eileen    | W       | Henderson | E11      | 5498    | 2002-08-15 | Manager    |      16 | F    | 1976-05-15 | 149750.00 |  600.00 | 2380.00 |
| 000100 | Theodore  | Q       | Spenser   | E21      | 0972    | 2006-06-19 | Manager    |      14 | M    | 1989-12-18 | 146150.00 |  500.00 | 2092.00 |
| 000110 | Vincenzo  | G       | Lucchesi  | A00      | 3490    | 2003-05-16 | Salesrep   |      19 | M    | 1983-11-05 | 156500.00 |  900.00 | 3720.00 |
| 000120 | Sean      |         | Oconnell  | A00      | 2167    | 2003-10-05 | Programmer |      14 | M    | 1982-10-18 |  99250.00 |  600.00 | 2340.00 |
| 000130 | Dolores   | M       | Quintana  | C01      | 4578    | 2006-07-28 | Analyst    |      16 | F    | 1985-09-15 |  93800.00 |  500.00 | 1904.00 |
| 000140 | Heather   | A       | Nicholls  | C01      | 1793    | 2006-12-15 | Analyst    |      18 | F    | 1986-10-19 |  88420.00 |  600.00 | 2274.00 |
| 000150 | Bruce     |         | Adamson   | D11      | 4510    | 2007-02-12 | Designer   |      16 | M    | 1982-05-17 |  95280.00 |  500.00 | 2022.00 |
| 000160 | Elizabeth | R       | Pianka    | D11      | 3782    | 2009-10-11 | Designer   |      17 | F    | 1987-04-12 |  92250.00 |  400.00 | 1780.00 |
| 000170 | Masatoshi | J       | Yoshimura | D11      | 2890    | 2008-01-01 | Designer   |      16 | M    | 1986-01-05 |  84680.00 |  500.00 | 1974.00 |
| 000180 | Marilyn   | S       | Scoutten  | D11      | 1682    | 2003-07-07 | Designer   |      17 | F    | 1982-02-21 |  81340.00 |  500.00 | 1707.00 |
| 000190 | James     | H       | Walker    | D11      | 2986    | 2012-07-26 | Designer   |      16 | M    | 1992-06-25 |  70450.00 |  400.00 | 1636.00 |
| 000200 | David     |         | Brown     | D11      | 4501    | 2008-03-03 | Designer   |      16 | M    | 1986-05-29 |  77740.00 |  600.00 | 2217.00 |
| 000210 | William   | T       | Jones     | D11      | 0942    | 2009-04-11 | Designer   |      17 | M    | 1983-03-23 |  88270.00 |  400.00 | 1462.00 |
| 000220 | Jennifer  | K       | Lutz      | D11      | 0672    | 2004-08-29 | Designer   |      18 | F    | 1979-03-19 |  89840.00 |  600.00 | 2387.00 |
| 000230 | James     | J       | Jefferson | D21      | 2094    | 2011-11-21 | Programmer |      14 | M    | 1985-05-30 |  62180.00 |  400.00 | 1774.00 |
| 000240 | Salvatore | M       | Marino    | D21      | 3780    | 2009-12-05 | Programmer |      17 | M    | 1984-03-31 |  68760.00 |  600.00 | 2301.00 |
| 000250 | Daniel    | S       | Smith     | D21      | 0961    | 2009-10-30 | Programmer |      15 | M    | 1982-11-12 |  59180.00 |  400.00 | 1534.00 |
| 000260 | Sybil     | V       | Johnson   | D21      | 8953    | 2005-09-11 | Programmer |      16 | F    | 1986-10-05 |  57250.00 |  300.00 | 1380.00 |
| 000270 | 03ia      | L       | Perez     | D21      | 9001    | 2009-09-30 | Programmer |      15 | F    | 1983-05-26 |  57380.00 |  500.00 | 2190.00 |
| 000280 | Ethel     | R       | Schneider | E11      | 8997    | 2009-03-24 | Operator   |      17 | F    | 1986-03-28 |  86250.00 |  500.00 | 2100.00 |
| 000290 | John      | R       | Parker    | E11      | 4502    | 2006-05-30 | Operator   |      12 | M    | 1988-07-09 |  75340.00 |  300.00 | 1227.00 |
| 000300 | Philip    | X       | Smith     | E11      | 2095    | 2007-06-19 | Operator   |      14 | M    | 1986-10-27 |  77750.00 |  400.00 | 1420.00 |
| 000310 | Maude     | F       | Setright  | E11      | 3332    | 2001-09-12 | Operator   |      12 | F    | 1981-04-21 |  75900.00 |  300.00 | 1272.00 |
| 000320 | Ramlal    | V       | Mehta     | E21      | 9990    | 2005-07-07 | Fieldrep   |      16 | M    | 1982-08-11 |  99950.00 |  400.00 | 1596.00 |
| 000330 | Wing      |         | Lee       | E21      | 2103    | 1999-02-23 | Fieldrep   |      14 | M    | 1981-07-18 |  95370.00 |  500.00 | 2030.00 |
| 000340 | Jason     | R       | Gounot    | E21      | 5698    | 1999-05-05 | Fieldrep   |      16 | M    | 1976-05-17 | 123840.00 |  500.00 | 1907.00 |
+--------+-----------+---------+-----------+----------+---------+------------+------------+---------+------+------------+-----------+---------+---------+
32 rows in set (0.00 sec)

mysql> DESC Emp;
+-----------+--------------+------+-----+---------+-------+
| Field     | Type         | Null | Key | Default | Extra |
+-----------+--------------+------+-----+---------+-------+
| empno     | char(6)      | NO   | PRI | NULL    |       |
| firstname | varchar(12)  | NO   |     | NULL    |       |
| midinit   | char(1)      | NO   |     | NULL    |       |
| lastname  | varchar(15)  | NO   |     | NULL    |       |
| workdept  | char(3)      | YES  |     | NULL    |       |
| phoneno   | char(4)      | YES  |     | NULL    |       |
| hiredate  | date         | YES  |     | NULL    |       |
| job       | char(10)     | YES  |     | NULL    |       |
| edlevel   | int(2)       | YES  |     | NULL    |       |
| sex       | char(1)      | YES  |     | NULL    |       |
| birthdate | date         | YES  |     | NULL    |       |
| salary    | decimal(8,2) | YES  |     | NULL    |       |
| bonus     | decimal(8,2) | YES  |     | NULL    |       |
| comm      | decimal(8,2) | YES  |     | NULL    |       |
+-----------+--------------+------+-----+---------+-------+
14 rows in set (0.00 sec)

mysql> DESC Dept;
+----------+-------------+------+-----+---------+-------+
| Field    | Type        | Null | Key | Default | Extra |
+----------+-------------+------+-----+---------+-------+
| deptno   | char(3)     | NO   | PRI | NULL    |       |
| deptname | varchar(36) | NO   |     | NULL    |       |
| mgrno    | char(6)     | YES  |     | NULL    |       |
| admrdept | char(3)     | NO   |     | NULL    |       |
+----------+-------------+------+-----+---------+-------+
4 rows in set (0.00 sec)

mysql> SELECT lastname, workdept, salary FROM Emp WHERE salary >= 100000.0;
+-----------+----------+-----------+
| lastname  | workdept | salary    |
+-----------+----------+-----------+
| Haas      | A00      | 312750.00 |
| Thompson  | B01      | 161250.00 |
| Kwan      | C01      | 158250.00 |
| Geyer     | E01      | 160175.00 |
| Stern     | D11      | 155555.00 |
| Pulaski   | D21      | 156170.00 |
| Henderson | E11      | 149750.00 |
| Spenser   | E21      | 146150.00 |
| Lucchesi  | A00      | 156500.00 |
| Gounot    | E21      | 123840.00 |
+-----------+----------+-----------+
10 rows in set (0.00 sec)

mysql> SELECT lastname, firstname, birthdate FROM Emp WHERE salary < 90000.0;
+-----------+-----------+------------+
| lastname  | firstname | birthdate  |
+-----------+-----------+------------+
| Nicholls  | Heather   | 1986-10-19 |
| Yoshimura | Masatoshi | 1986-01-05 |
| Scoutten  | Marilyn   | 1982-02-21 |
| Walker    | James     | 1992-06-25 |
| Brown     | David     | 1986-05-29 |
| Jones     | William   | 1983-03-23 |
| Lutz      | Jennifer  | 1979-03-19 |
| Jefferson | James     | 1985-05-30 |
| Marino    | Salvatore | 1984-03-31 |
| Smith     | Daniel    | 1982-11-12 |
| Johnson   | Sybil     | 1986-10-05 |
| Perez     | 03ia      | 1983-05-26 |
| Schneider | Ethel     | 1986-03-28 |
| Parker    | John      | 1988-07-09 |
| Smith     | Philip    | 1986-10-27 |
| Setright  | Maude     | 1981-04-21 |
+-----------+-----------+------------+
16 rows in set (0.00 sec)

mysql> DESC Dept;
+----------+-------------+------+-----+---------+-------+
| Field    | Type        | Null | Key | Default | Extra |
+----------+-------------+------+-----+---------+-------+
| deptno   | char(3)     | NO   | PRI | NULL    |       |
| deptname | varchar(36) | NO   |     | NULL    |       |
| mgrno    | char(6)     | YES  |     | NULL    |       |
| admrdept | char(3)     | NO   |     | NULL    |       |
+----------+-------------+------+-----+---------+-------+
4 rows in set (0.00 sec)

mysql> SELECT * FROM Dept WHERE mgrno = NULL;
Empty set (0.00 sec)

mysql> SELECT * FROM Dept;
+--------+------------------------------+--------+----------+
| deptno | deptname                     | mgrno  | admrdept |
+--------+------------------------------+--------+----------+
| A00    | Spiffy Computer Service DIV. | 000010 | A00      |
| B01    | Planning                     | 000020 | A00      |
| C01    | Information Centre           | 000030 | A00      |
| D01    | Development Centre           | NULL   | A00      |
| D11    | Manufacturing Systems        | 000060 | D01      |
| D21    | Administration Systems       | 000070 | D01      |
| E01    | Support Services             | 000050 | A00      |
| E11    | Operations                   | 000090 | E01      |
| E21    | Software Support             | 000100 | E01      |
+--------+------------------------------+--------+----------+
9 rows in set (0.00 sec)

mysql> SELECT * FROM Dept WHERE mgrno IS NULL;
+--------+--------------------+-------+----------+
| deptno | deptname           | mgrno | admrdept |
+--------+--------------------+-------+----------+
| D01    | Development Centre | NULL  | A00      |
+--------+--------------------+-------+----------+
1 row in set (0.00 sec)

mysql> SELECT empno, lastname, workdept, phoneno FROM Emp WHERE workdept BETWEEN 'D01' AND 'E01';
+--------+-----------+----------+---------+
| empno  | lastname  | workdept | phoneno |
+--------+-----------+----------+---------+
| 000050 | Geyer     | E01      | 6789    |
| 000060 | Stern     | D11      | 6423    |
| 000070 | Pulaski   | D21      | 7831    |
| 000150 | Adamson   | D11      | 4510    |
| 000160 | Pianka    | D11      | 3782    |
| 000170 | Yoshimura | D11      | 2890    |
| 000180 | Scoutten  | D11      | 1682    |
| 000190 | Walker    | D11      | 2986    |
| 000200 | Brown     | D11      | 4501    |
| 000210 | Jones     | D11      | 0942    |
| 000220 | Lutz      | D11      | 0672    |
| 000230 | Jefferson | D21      | 2094    |
| 000240 | Marino    | D21      | 3780    |
| 000250 | Smith     | D21      | 0961    |
| 000260 | Johnson   | D21      | 8953    |
| 000270 | Perez     | D21      | 9001    |
+--------+-----------+----------+---------+
16 rows in set (0.00 sec)

mysql> DESC Dept;
+----------+-------------+------+-----+---------+-------+
| Field    | Type        | Null | Key | Default | Extra |
+----------+-------------+------+-----+---------+-------+
| deptno   | char(3)     | NO   | PRI | NULL    |       |
| deptname | varchar(36) | NO   |     | NULL    |       |
| mgrno    | char(6)     | YES  |     | NULL    |       |
| admrdept | char(3)     | NO   |     | NULL    |       |
+----------+-------------+------+-----+---------+-------+
4 rows in set (0.00 sec)

mysql> SELECT * FROM Dept WHERE deptname CONTAINS('Service');
ERROR 1064 (42000): You have an error in your SQL syntax; check the manual that corresponds to your MySQL server version for the right syntax to use near 'CONTAINS('Service')' at line 1
mysql> SELECT * FROM Dept WHERE 'Service' IN deptname;
ERROR 1064 (42000): You have an error in your SQL syntax; check the manual that corresponds to your MySQL server version for the right syntax to use near 'deptname' at line 1
mysql> SELECT * FROM Dept WHERE deptname LIKE 'Service';
Empty set (0.00 sec)

mysql> SELECT * FROM Dept WHERE deptname LIKE 'service';
Empty set (0.00 sec)

mysql> SELECT * FROM Dept;
+--------+------------------------------+--------+----------+
| deptno | deptname                     | mgrno  | admrdept |
+--------+------------------------------+--------+----------+
| A00    | Spiffy Computer Service DIV. | 000010 | A00      |
| B01    | Planning                     | 000020 | A00      |
| C01    | Information Centre           | 000030 | A00      |
| D01    | Development Centre           | NULL   | A00      |
| D11    | Manufacturing Systems        | 000060 | D01      |
| D21    | Administration Systems       | 000070 | D01      |
| E01    | Support Services             | 000050 | A00      |
| E11    | Operations                   | 000090 | E01      |
| E21    | Software Support             | 000100 | E01      |
+--------+------------------------------+--------+----------+
9 rows in set (0.00 sec)

mysql> SELECT * FROM Dept WHERE deptname LIKE '%Service%';
+--------+------------------------------+--------+----------+
| deptno | deptname                     | mgrno  | admrdept |
+--------+------------------------------+--------+----------+
| A00    | Spiffy Computer Service DIV. | 000010 | A00      |
| E01    | Support Services             | 000050 | A00      |
+--------+------------------------------+--------+----------+
2 rows in set (0.00 sec)

mysql> SELECT * FROM Dept WHERE deptname LIKE '%service%';
+--------+------------------------------+--------+----------+
| deptno | deptname                     | mgrno  | admrdept |
+--------+------------------------------+--------+----------+
| A00    | Spiffy Computer Service DIV. | 000010 | A00      |
| E01    | Support Services             | 000050 | A00      |
+--------+------------------------------+--------+----------+
2 rows in set (0.00 sec)

mysql> SELECT * FROM Emp;
+--------+-----------+---------+-----------+----------+---------+------------+------------+---------+------+------------+-----------+---------+---------+
| empno  | firstname | midinit | lastname  | workdept | phoneno | hiredate   | job        | edlevel | sex  | birthdate  | salary    | bonus   | comm    |
+--------+-----------+---------+-----------+----------+---------+------------+------------+---------+------+------------+-----------+---------+---------+
| 000010 | Christine | I       | Haas      | A00      | 3978    | 2000-01-01 | Pres       |      18 | F    | 1968-08-14 | 312750.00 | 1000.00 | 4220.00 |
| 000020 | Michael   | L       | Thompson  | B01      | 3476    | 2008-10-10 | Manager    |      18 | M    | 1983-02-02 | 161250.00 |  800.00 | 3000.00 |
| 000030 | Sally     | A       | Kwan      | C01      | 4738    | 2010-05-05 | Manager    |      20 | F    | 1980-05-11 | 158250.00 |  800.00 | 3060.00 |
| 000050 | John      | B       | Geyer     | E01      | 6789    | 2003-08-17 | Manager    |      16 | M    | 1975-09-15 | 160175.00 |  800.00 | 3214.00 |
| 000060 | Irving    | F       | Stern     | D11      | 6423    | 2003-09-14 | Manager    |      16 | M    | 1975-07-07 | 155555.00 |  600.00 | 2580.00 |
| 000070 | Eva       | D       | Pulaski   | D21      | 7831    | 2000-09-30 | Manager    |      16 | F    | 1983-05-26 | 156170.00 |  700.00 | 2893.00 |
| 000090 | Eileen    | W       | Henderson | E11      | 5498    | 2002-08-15 | Manager    |      16 | F    | 1976-05-15 | 149750.00 |  600.00 | 2380.00 |
| 000100 | Theodore  | Q       | Spenser   | E21      | 0972    | 2006-06-19 | Manager    |      14 | M    | 1989-12-18 | 146150.00 |  500.00 | 2092.00 |
| 000110 | Vincenzo  | G       | Lucchesi  | A00      | 3490    | 2003-05-16 | Salesrep   |      19 | M    | 1983-11-05 | 156500.00 |  900.00 | 3720.00 |
| 000120 | Sean      |         | Oconnell  | A00      | 2167    | 2003-10-05 | Programmer |      14 | M    | 1982-10-18 |  99250.00 |  600.00 | 2340.00 |
| 000130 | Dolores   | M       | Quintana  | C01      | 4578    | 2006-07-28 | Analyst    |      16 | F    | 1985-09-15 |  93800.00 |  500.00 | 1904.00 |
| 000140 | Heather   | A       | Nicholls  | C01      | 1793    | 2006-12-15 | Analyst    |      18 | F    | 1986-10-19 |  88420.00 |  600.00 | 2274.00 |
| 000150 | Bruce     |         | Adamson   | D11      | 4510    | 2007-02-12 | Designer   |      16 | M    | 1982-05-17 |  95280.00 |  500.00 | 2022.00 |
| 000160 | Elizabeth | R       | Pianka    | D11      | 3782    | 2009-10-11 | Designer   |      17 | F    | 1987-04-12 |  92250.00 |  400.00 | 1780.00 |
| 000170 | Masatoshi | J       | Yoshimura | D11      | 2890    | 2008-01-01 | Designer   |      16 | M    | 1986-01-05 |  84680.00 |  500.00 | 1974.00 |
| 000180 | Marilyn   | S       | Scoutten  | D11      | 1682    | 2003-07-07 | Designer   |      17 | F    | 1982-02-21 |  81340.00 |  500.00 | 1707.00 |
| 000190 | James     | H       | Walker    | D11      | 2986    | 2012-07-26 | Designer   |      16 | M    | 1992-06-25 |  70450.00 |  400.00 | 1636.00 |
| 000200 | David     |         | Brown     | D11      | 4501    | 2008-03-03 | Designer   |      16 | M    | 1986-05-29 |  77740.00 |  600.00 | 2217.00 |
| 000210 | William   | T       | Jones     | D11      | 0942    | 2009-04-11 | Designer   |      17 | M    | 1983-03-23 |  88270.00 |  400.00 | 1462.00 |
| 000220 | Jennifer  | K       | Lutz      | D11      | 0672    | 2004-08-29 | Designer   |      18 | F    | 1979-03-19 |  89840.00 |  600.00 | 2387.00 |
| 000230 | James     | J       | Jefferson | D21      | 2094    | 2011-11-21 | Programmer |      14 | M    | 1985-05-30 |  62180.00 |  400.00 | 1774.00 |
| 000240 | Salvatore | M       | Marino    | D21      | 3780    | 2009-12-05 | Programmer |      17 | M    | 1984-03-31 |  68760.00 |  600.00 | 2301.00 |
| 000250 | Daniel    | S       | Smith     | D21      | 0961    | 2009-10-30 | Programmer |      15 | M    | 1982-11-12 |  59180.00 |  400.00 | 1534.00 |
| 000260 | Sybil     | V       | Johnson   | D21      | 8953    | 2005-09-11 | Programmer |      16 | F    | 1986-10-05 |  57250.00 |  300.00 | 1380.00 |
| 000270 | 03ia      | L       | Perez     | D21      | 9001    | 2009-09-30 | Programmer |      15 | F    | 1983-05-26 |  57380.00 |  500.00 | 2190.00 |
| 000280 | Ethel     | R       | Schneider | E11      | 8997    | 2009-03-24 | Operator   |      17 | F    | 1986-03-28 |  86250.00 |  500.00 | 2100.00 |
| 000290 | John      | R       | Parker    | E11      | 4502    | 2006-05-30 | Operator   |      12 | M    | 1988-07-09 |  75340.00 |  300.00 | 1227.00 |
| 000300 | Philip    | X       | Smith     | E11      | 2095    | 2007-06-19 | Operator   |      14 | M    | 1986-10-27 |  77750.00 |  400.00 | 1420.00 |
| 000310 | Maude     | F       | Setright  | E11      | 3332    | 2001-09-12 | Operator   |      12 | F    | 1981-04-21 |  75900.00 |  300.00 | 1272.00 |
| 000320 | Ramlal    | V       | Mehta     | E21      | 9990    | 2005-07-07 | Fieldrep   |      16 | M    | 1982-08-11 |  99950.00 |  400.00 | 1596.00 |
| 000330 | Wing      |         | Lee       | E21      | 2103    | 1999-02-23 | Fieldrep   |      14 | M    | 1981-07-18 |  95370.00 |  500.00 | 2030.00 |
| 000340 | Jason     | R       | Gounot    | E21      | 5698    | 1999-05-05 | Fieldrep   |      16 | M    | 1976-05-17 | 123840.00 |  500.00 | 1907.00 |
+--------+-----------+---------+-----------+----------+---------+------------+------------+---------+------+------------+-----------+---------+---------+
32 rows in set (0.00 sec)

mysql> SELECT empno, lastname, workdept FROM Emp WHERE workdept = 'D21' AND salary <= 60000.0;
+--------+----------+----------+
| empno  | lastname | workdept |
+--------+----------+----------+
| 000250 | Smith    | D21      |
| 000260 | Johnson  | D21      |
| 000270 | Perez    | D21      |
+--------+----------+----------+
3 rows in set (0.00 sec)

mysql> SELECT CONCAT(firstname, ' ', midinit, ' ', lastname) AS name, job FROM Emp;
+-----------------------+------------+
| name                  | job        |
+-----------------------+------------+
| Christine I Haas      | Pres       |
| Michael L Thompson    | Manager    |
| Sally A Kwan          | Manager    |
| John B Geyer          | Manager    |
| Irving F Stern        | Manager    |
| Eva D Pulaski         | Manager    |
| Eileen W Henderson    | Manager    |
| Theodore Q Spenser    | Manager    |
| Vincenzo G Lucchesi   | Salesrep   |
| Sean  Oconnell        | Programmer |
| Dolores M Quintana    | Analyst    |
| Heather A Nicholls    | Analyst    |
| Bruce  Adamson        | Designer   |
| Elizabeth R Pianka    | Designer   |
| Masatoshi J Yoshimura | Designer   |
| Marilyn S Scoutten    | Designer   |
| James H Walker        | Designer   |
| David  Brown          | Designer   |
| William T Jones       | Designer   |
| Jennifer K Lutz       | Designer   |
| James J Jefferson     | Programmer |
| Salvatore M Marino    | Programmer |
| Daniel S Smith        | Programmer |
| Sybil V Johnson       | Programmer |
| 03ia L Perez          | Programmer |
| Ethel R Schneider     | Operator   |
| John R Parker         | Operator   |
| Philip X Smith        | Operator   |
| Maude F Setright      | Operator   |
| Ramlal V Mehta        | Fieldrep   |
| Wing  Lee             | Fieldrep   |
| Jason R Gounot        | Fieldrep   |
+-----------------------+------------+
32 rows in set (0.01 sec)

mysql> SELECT name, FORMAT(birthdate, 'dd-mm-yyyy') FROM Emp WHERE job = 'Designer';
ERROR 1054 (42S22): Unknown column 'name' in 'field list'
mysql> SELECT firstname, FORMAT(birthdate, 'dd-mm-yyyy') FROM Emp WHERE job = 'Designer';
+-----------+---------------------------------+
| firstname | FORMAT(birthdate, 'dd-mm-yyyy') |
+-----------+---------------------------------+
| Bruce     | 19,820,517                      |
| Elizabeth | 19,870,412                      |
| Masatoshi | 19,860,105                      |
| Marilyn   | 19,820,221                      |
| James     | 19,920,625                      |
| David     | 19,860,529                      |
| William   | 19,830,323                      |
| Jennifer  | 19,790,319                      |
+-----------+---------------------------------+
8 rows in set, 8 warnings (0.00 sec)

mysql> SELECT firstname, FORMAT(birthdate, 'dddd, MMMM yyyy') FROM Emp WHERE job = 'Designer';
+-----------+--------------------------------------+
| firstname | FORMAT(birthdate, 'dddd, MMMM yyyy') |
+-----------+--------------------------------------+
| Bruce     | 19,820,517                           |
| Elizabeth | 19,870,412                           |
| Masatoshi | 19,860,105                           |
| Marilyn   | 19,820,221                           |
| James     | 19,920,625                           |
| David     | 19,860,529                           |
| William   | 19,830,323                           |
| Jennifer  | 19,790,319                           |
+-----------+--------------------------------------+
8 rows in set, 8 warnings (0.00 sec)

mysql> SELECT * FROM Emp;
+--------+-----------+---------+-----------+----------+---------+------------+------------+---------+------+------------+-----------+---------+---------+
| empno  | firstname | midinit | lastname  | workdept | phoneno | hiredate   | job        | edlevel | sex  | birthdate  | salary    | bonus   | comm    |
+--------+-----------+---------+-----------+----------+---------+------------+------------+---------+------+------------+-----------+---------+---------+
| 000010 | Christine | I       | Haas      | A00      | 3978    | 2000-01-01 | Pres       |      18 | F    | 1968-08-14 | 312750.00 | 1000.00 | 4220.00 |
| 000020 | Michael   | L       | Thompson  | B01      | 3476    | 2008-10-10 | Manager    |      18 | M    | 1983-02-02 | 161250.00 |  800.00 | 3000.00 |
| 000030 | Sally     | A       | Kwan      | C01      | 4738    | 2010-05-05 | Manager    |      20 | F    | 1980-05-11 | 158250.00 |  800.00 | 3060.00 |
| 000050 | John      | B       | Geyer     | E01      | 6789    | 2003-08-17 | Manager    |      16 | M    | 1975-09-15 | 160175.00 |  800.00 | 3214.00 |
| 000060 | Irving    | F       | Stern     | D11      | 6423    | 2003-09-14 | Manager    |      16 | M    | 1975-07-07 | 155555.00 |  600.00 | 2580.00 |
| 000070 | Eva       | D       | Pulaski   | D21      | 7831    | 2000-09-30 | Manager    |      16 | F    | 1983-05-26 | 156170.00 |  700.00 | 2893.00 |
| 000090 | Eileen    | W       | Henderson | E11      | 5498    | 2002-08-15 | Manager    |      16 | F    | 1976-05-15 | 149750.00 |  600.00 | 2380.00 |
| 000100 | Theodore  | Q       | Spenser   | E21      | 0972    | 2006-06-19 | Manager    |      14 | M    | 1989-12-18 | 146150.00 |  500.00 | 2092.00 |
| 000110 | Vincenzo  | G       | Lucchesi  | A00      | 3490    | 2003-05-16 | Salesrep   |      19 | M    | 1983-11-05 | 156500.00 |  900.00 | 3720.00 |
| 000120 | Sean      |         | Oconnell  | A00      | 2167    | 2003-10-05 | Programmer |      14 | M    | 1982-10-18 |  99250.00 |  600.00 | 2340.00 |
| 000130 | Dolores   | M       | Quintana  | C01      | 4578    | 2006-07-28 | Analyst    |      16 | F    | 1985-09-15 |  93800.00 |  500.00 | 1904.00 |
| 000140 | Heather   | A       | Nicholls  | C01      | 1793    | 2006-12-15 | Analyst    |      18 | F    | 1986-10-19 |  88420.00 |  600.00 | 2274.00 |
| 000150 | Bruce     |         | Adamson   | D11      | 4510    | 2007-02-12 | Designer   |      16 | M    | 1982-05-17 |  95280.00 |  500.00 | 2022.00 |
| 000160 | Elizabeth | R       | Pianka    | D11      | 3782    | 2009-10-11 | Designer   |      17 | F    | 1987-04-12 |  92250.00 |  400.00 | 1780.00 |
| 000170 | Masatoshi | J       | Yoshimura | D11      | 2890    | 2008-01-01 | Designer   |      16 | M    | 1986-01-05 |  84680.00 |  500.00 | 1974.00 |
| 000180 | Marilyn   | S       | Scoutten  | D11      | 1682    | 2003-07-07 | Designer   |      17 | F    | 1982-02-21 |  81340.00 |  500.00 | 1707.00 |
| 000190 | James     | H       | Walker    | D11      | 2986    | 2012-07-26 | Designer   |      16 | M    | 1992-06-25 |  70450.00 |  400.00 | 1636.00 |
| 000200 | David     |         | Brown     | D11      | 4501    | 2008-03-03 | Designer   |      16 | M    | 1986-05-29 |  77740.00 |  600.00 | 2217.00 |
| 000210 | William   | T       | Jones     | D11      | 0942    | 2009-04-11 | Designer   |      17 | M    | 1983-03-23 |  88270.00 |  400.00 | 1462.00 |
| 000220 | Jennifer  | K       | Lutz      | D11      | 0672    | 2004-08-29 | Designer   |      18 | F    | 1979-03-19 |  89840.00 |  600.00 | 2387.00 |
| 000230 | James     | J       | Jefferson | D21      | 2094    | 2011-11-21 | Programmer |      14 | M    | 1985-05-30 |  62180.00 |  400.00 | 1774.00 |
| 000240 | Salvatore | M       | Marino    | D21      | 3780    | 2009-12-05 | Programmer |      17 | M    | 1984-03-31 |  68760.00 |  600.00 | 2301.00 |
| 000250 | Daniel    | S       | Smith     | D21      | 0961    | 2009-10-30 | Programmer |      15 | M    | 1982-11-12 |  59180.00 |  400.00 | 1534.00 |
| 000260 | Sybil     | V       | Johnson   | D21      | 8953    | 2005-09-11 | Programmer |      16 | F    | 1986-10-05 |  57250.00 |  300.00 | 1380.00 |
| 000270 | 03ia      | L       | Perez     | D21      | 9001    | 2009-09-30 | Programmer |      15 | F    | 1983-05-26 |  57380.00 |  500.00 | 2190.00 |
| 000280 | Ethel     | R       | Schneider | E11      | 8997    | 2009-03-24 | Operator   |      17 | F    | 1986-03-28 |  86250.00 |  500.00 | 2100.00 |
| 000290 | John      | R       | Parker    | E11      | 4502    | 2006-05-30 | Operator   |      12 | M    | 1988-07-09 |  75340.00 |  300.00 | 1227.00 |
| 000300 | Philip    | X       | Smith     | E11      | 2095    | 2007-06-19 | Operator   |      14 | M    | 1986-10-27 |  77750.00 |  400.00 | 1420.00 |
| 000310 | Maude     | F       | Setright  | E11      | 3332    | 2001-09-12 | Operator   |      12 | F    | 1981-04-21 |  75900.00 |  300.00 | 1272.00 |
| 000320 | Ramlal    | V       | Mehta     | E21      | 9990    | 2005-07-07 | Fieldrep   |      16 | M    | 1982-08-11 |  99950.00 |  400.00 | 1596.00 |
| 000330 | Wing      |         | Lee       | E21      | 2103    | 1999-02-23 | Fieldrep   |      14 | M    | 1981-07-18 |  95370.00 |  500.00 | 2030.00 |
| 000340 | Jason     | R       | Gounot    | E21      | 5698    | 1999-05-05 | Fieldrep   |      16 | M    | 1976-05-17 | 123840.00 |  500.00 | 1907.00 |
+--------+-----------+---------+-----------+----------+---------+------------+------------+---------+------+------------+-----------+---------+---------+
32 rows in set (0.00 sec)

mysql> SELECT firstname, FORMAT(birthdate, 'dddd, MMMM yyyy') FROM Emp WHERE job = 'Designer';
+-----------+--------------------------------------+
| firstname | FORMAT(birthdate, 'dddd, MMMM yyyy') |
+-----------+--------------------------------------+
| Bruce     | 19,820,517                           |
| Elizabeth | 19,870,412                           |
| Masatoshi | 19,860,105                           |
| Marilyn   | 19,820,221                           |
| James     | 19,920,625                           |
| David     | 19,860,529                           |
| William   | 19,830,323                           |
| Jennifer  | 19,790,319                           |
+-----------+--------------------------------------+
8 rows in set, 8 warnings (0.00 sec)

mysql> DESC Emp;
+-----------+--------------+------+-----+---------+-------+
| Field     | Type         | Null | Key | Default | Extra |
+-----------+--------------+------+-----+---------+-------+
| empno     | char(6)      | NO   | PRI | NULL    |       |
| firstname | varchar(12)  | NO   |     | NULL    |       |
| midinit   | char(1)      | NO   |     | NULL    |       |
| lastname  | varchar(15)  | NO   |     | NULL    |       |
| workdept  | char(3)      | YES  |     | NULL    |       |
| phoneno   | char(4)      | YES  |     | NULL    |       |
| hiredate  | date         | YES  |     | NULL    |       |
| job       | char(10)     | YES  |     | NULL    |       |
| edlevel   | int(2)       | YES  |     | NULL    |       |
| sex       | char(1)      | YES  |     | NULL    |       |
| birthdate | date         | YES  |     | NULL    |       |
| salary    | decimal(8,2) | YES  |     | NULL    |       |
| bonus     | decimal(8,2) | YES  |     | NULL    |       |
| comm      | decimal(8,2) | YES  |     | NULL    |       |
+-----------+--------------+------+-----+---------+-------+
14 rows in set (0.00 sec)

mysql> SELECT * FROM Emp;
+--------+-----------+---------+-----------+----------+---------+------------+------------+---------+------+------------+-----------+---------+---------+
| empno  | firstname | midinit | lastname  | workdept | phoneno | hiredate   | job        | edlevel | sex  | birthdate  | salary    | bonus   | comm    |
+--------+-----------+---------+-----------+----------+---------+------------+------------+---------+------+------------+-----------+---------+---------+
| 000010 | Christine | I       | Haas      | A00      | 3978    | 2000-01-01 | Pres       |      18 | F    | 1968-08-14 | 312750.00 | 1000.00 | 4220.00 |
| 000020 | Michael   | L       | Thompson  | B01      | 3476    | 2008-10-10 | Manager    |      18 | M    | 1983-02-02 | 161250.00 |  800.00 | 3000.00 |
| 000030 | Sally     | A       | Kwan      | C01      | 4738    | 2010-05-05 | Manager    |      20 | F    | 1980-05-11 | 158250.00 |  800.00 | 3060.00 |
| 000050 | John      | B       | Geyer     | E01      | 6789    | 2003-08-17 | Manager    |      16 | M    | 1975-09-15 | 160175.00 |  800.00 | 3214.00 |
| 000060 | Irving    | F       | Stern     | D11      | 6423    | 2003-09-14 | Manager    |      16 | M    | 1975-07-07 | 155555.00 |  600.00 | 2580.00 |
| 000070 | Eva       | D       | Pulaski   | D21      | 7831    | 2000-09-30 | Manager    |      16 | F    | 1983-05-26 | 156170.00 |  700.00 | 2893.00 |
| 000090 | Eileen    | W       | Henderson | E11      | 5498    | 2002-08-15 | Manager    |      16 | F    | 1976-05-15 | 149750.00 |  600.00 | 2380.00 |
| 000100 | Theodore  | Q       | Spenser   | E21      | 0972    | 2006-06-19 | Manager    |      14 | M    | 1989-12-18 | 146150.00 |  500.00 | 2092.00 |
| 000110 | Vincenzo  | G       | Lucchesi  | A00      | 3490    | 2003-05-16 | Salesrep   |      19 | M    | 1983-11-05 | 156500.00 |  900.00 | 3720.00 |
| 000120 | Sean      |         | Oconnell  | A00      | 2167    | 2003-10-05 | Programmer |      14 | M    | 1982-10-18 |  99250.00 |  600.00 | 2340.00 |
| 000130 | Dolores   | M       | Quintana  | C01      | 4578    | 2006-07-28 | Analyst    |      16 | F    | 1985-09-15 |  93800.00 |  500.00 | 1904.00 |
| 000140 | Heather   | A       | Nicholls  | C01      | 1793    | 2006-12-15 | Analyst    |      18 | F    | 1986-10-19 |  88420.00 |  600.00 | 2274.00 |
| 000150 | Bruce     |         | Adamson   | D11      | 4510    | 2007-02-12 | Designer   |      16 | M    | 1982-05-17 |  95280.00 |  500.00 | 2022.00 |
| 000160 | Elizabeth | R       | Pianka    | D11      | 3782    | 2009-10-11 | Designer   |      17 | F    | 1987-04-12 |  92250.00 |  400.00 | 1780.00 |
| 000170 | Masatoshi | J       | Yoshimura | D11      | 2890    | 2008-01-01 | Designer   |      16 | M    | 1986-01-05 |  84680.00 |  500.00 | 1974.00 |
| 000180 | Marilyn   | S       | Scoutten  | D11      | 1682    | 2003-07-07 | Designer   |      17 | F    | 1982-02-21 |  81340.00 |  500.00 | 1707.00 |
| 000190 | James     | H       | Walker    | D11      | 2986    | 2012-07-26 | Designer   |      16 | M    | 1992-06-25 |  70450.00 |  400.00 | 1636.00 |
| 000200 | David     |         | Brown     | D11      | 4501    | 2008-03-03 | Designer   |      16 | M    | 1986-05-29 |  77740.00 |  600.00 | 2217.00 |
| 000210 | William   | T       | Jones     | D11      | 0942    | 2009-04-11 | Designer   |      17 | M    | 1983-03-23 |  88270.00 |  400.00 | 1462.00 |
| 000220 | Jennifer  | K       | Lutz      | D11      | 0672    | 2004-08-29 | Designer   |      18 | F    | 1979-03-19 |  89840.00 |  600.00 | 2387.00 |
| 000230 | James     | J       | Jefferson | D21      | 2094    | 2011-11-21 | Programmer |      14 | M    | 1985-05-30 |  62180.00 |  400.00 | 1774.00 |
| 000240 | Salvatore | M       | Marino    | D21      | 3780    | 2009-12-05 | Programmer |      17 | M    | 1984-03-31 |  68760.00 |  600.00 | 2301.00 |
| 000250 | Daniel    | S       | Smith     | D21      | 0961    | 2009-10-30 | Programmer |      15 | M    | 1982-11-12 |  59180.00 |  400.00 | 1534.00 |
| 000260 | Sybil     | V       | Johnson   | D21      | 8953    | 2005-09-11 | Programmer |      16 | F    | 1986-10-05 |  57250.00 |  300.00 | 1380.00 |
| 000270 | 03ia      | L       | Perez     | D21      | 9001    | 2009-09-30 | Programmer |      15 | F    | 1983-05-26 |  57380.00 |  500.00 | 2190.00 |
| 000280 | Ethel     | R       | Schneider | E11      | 8997    | 2009-03-24 | Operator   |      17 | F    | 1986-03-28 |  86250.00 |  500.00 | 2100.00 |
| 000290 | John      | R       | Parker    | E11      | 4502    | 2006-05-30 | Operator   |      12 | M    | 1988-07-09 |  75340.00 |  300.00 | 1227.00 |
| 000300 | Philip    | X       | Smith     | E11      | 2095    | 2007-06-19 | Operator   |      14 | M    | 1986-10-27 |  77750.00 |  400.00 | 1420.00 |
| 000310 | Maude     | F       | Setright  | E11      | 3332    | 2001-09-12 | Operator   |      12 | F    | 1981-04-21 |  75900.00 |  300.00 | 1272.00 |
| 000320 | Ramlal    | V       | Mehta     | E21      | 9990    | 2005-07-07 | Fieldrep   |      16 | M    | 1982-08-11 |  99950.00 |  400.00 | 1596.00 |
| 000330 | Wing      |         | Lee       | E21      | 2103    | 1999-02-23 | Fieldrep   |      14 | M    | 1981-07-18 |  95370.00 |  500.00 | 2030.00 |
| 000340 | Jason     | R       | Gounot    | E21      | 5698    | 1999-05-05 | Fieldrep   |      16 | M    | 1976-05-17 | 123840.00 |  500.00 | 1907.00 |
+--------+-----------+---------+-----------+----------+---------+------------+------------+---------+------+------------+-----------+---------+---------+
32 rows in set (0.00 sec)

mysql> SELECT firstname, DATE_FORMAT(birthdate, '%W, %e %M %Y') FROM Emp WHERE job = 'Designer';
+-----------+----------------------------------------+
| firstname | DATE_FORMAT(birthdate, '%W, %e %M %Y') |
+-----------+----------------------------------------+
| Bruce     | Monday, 17 May 1982                    |
| Elizabeth | Sunday, 12 April 1987                  |
| Masatoshi | Sunday, 5 January 1986                 |
| Marilyn   | Sunday, 21 February 1982               |
| James     | Thursday, 25 June 1992                 |
| David     | Thursday, 29 May 1986                  |
| William   | Wednesday, 23 March 1983               |
| Jennifer  | Monday, 19 March 1979                  |
+-----------+----------------------------------------+
8 rows in set (0.00 sec)

mysql> SELECT firstname, DATE_FORMAT(birthdate, '%W, %d %M %Y') FROM Emp WHERE job = 'Designer';
+-----------+----------------------------------------+
| firstname | DATE_FORMAT(birthdate, '%W, %d %M %Y') |
+-----------+----------------------------------------+
| Bruce     | Monday, 17 May 1982                    |
| Elizabeth | Sunday, 12 April 1987                  |
| Masatoshi | Sunday, 05 January 1986                |
| Marilyn   | Sunday, 21 February 1982               |
| James     | Thursday, 25 June 1992                 |
| David     | Thursday, 29 May 1986                  |
| William   | Wednesday, 23 March 1983               |
| Jennifer  | Monday, 19 March 1979                  |
+-----------+----------------------------------------+
8 rows in set (0.00 sec)

mysql> SELECT firstname, DATE_FORMAT(birthdate, '%W, %e %M %Y') FROM Emp WHERE job = 'Designer';
+-----------+----------------------------------------+
| firstname | DATE_FORMAT(birthdate, '%W, %e %M %Y') |
+-----------+----------------------------------------+
| Bruce     | Monday, 17 May 1982                    |
| Elizabeth | Sunday, 12 April 1987                  |
| Masatoshi | Sunday, 5 January 1986                 |
| Marilyn   | Sunday, 21 February 1982               |
| James     | Thursday, 25 June 1992                 |
| David     | Thursday, 29 May 1986                  |
| William   | Wednesday, 23 March 1983               |
| Jennifer  | Monday, 19 March 1979                  |
+-----------+----------------------------------------+
8 rows in set (0.00 sec)

mysql> SELECT lastname, workdept, ROUND(salary/12) AS monthlysalary FROM Emp WHERE workdept IN ('B01', 'C01', 'D11', 'E21');
+-----------+----------+---------------+
| lastname  | workdept | monthlysalary |
+-----------+----------+---------------+
| Thompson  | B01      |         13438 |
| Kwan      | C01      |         13188 |
| Stern     | D11      |         12963 |
| Spenser   | E21      |         12179 |
| Quintana  | C01      |          7817 |
| Nicholls  | C01      |          7368 |
| Adamson   | D11      |          7940 |
| Pianka    | D11      |          7688 |
| Yoshimura | D11      |          7057 |
| Scoutten  | D11      |          6778 |
| Walker    | D11      |          5871 |
| Brown     | D11      |          6478 |
| Jones     | D11      |          7356 |
| Lutz      | D11      |          7487 |
| Mehta     | E21      |          8329 |
| Lee       | E21      |          7948 |
| Gounot    | E21      |         10320 |
+-----------+----------+---------------+
17 rows in set (0.00 sec)

mysql> SELECT lastname, workdept, ROUND(salary/52.1786, 2) AS weeklysalary FROM Emp WHERE workdept IN ('B01', 'C01', E21');
    '> 
    '> 
    '> 
    '> ;
    '> ;
    '> '';
    '> a;
    '> ddd
    '> ;;;;
    '> '''';
    '> ASDFA;S
    '> ^C
mysql> SELECT lastname, workdept, ROUND(salary/52, 2) AS weeklysalary FROM Emp WHERE workdept IN ('B01', 'C01', E21');
    '> ^C
mysql> SELECT lastname, workdept, ROUND(salary/52.1786, 2) AS weeklysalary FROM Emp WHERE workdept IN ('B01', 'C01', 'E21');
+----------+----------+--------------+
| lastname | workdept | weeklysalary |
+----------+----------+--------------+
| Thompson | B01      |      3090.35 |
| Kwan     | C01      |      3032.85 |
| Spenser  | E21      |      2800.96 |
| Quintana | C01      |      1797.67 |
| Nicholls | C01      |      1694.56 |
| Mehta    | E21      |      1915.54 |
| Lee      | E21      |      1827.76 |
| Gounot   | E21      |      2373.39 |
+----------+----------+--------------+
8 rows in set (0.04 sec)

mysql> SELECT empno, firstname, DATE_FORMAT(birthdate, '%e %M'), workdept WHERE workdept IN ('B01', 'C01', 'D11', 'E21');
ERROR 1064 (42000): You have an error in your SQL syntax; check the manual that corresponds to your MySQL server version for the right syntax to use near 'WHERE workdept IN ('B01', 'C01', 'D11', 'E21')' at line 1
mysql> SELECT empno, firstname, DATE_FORMAT(birthdate, '%e %M'), workdept FROM Emp WHERE workdept IN ('B01', 'C01', 'D11', 'E21');
+--------+-----------+---------------------------------+----------+
| empno  | firstname | DATE_FORMAT(birthdate, '%e %M') | workdept |
+--------+-----------+---------------------------------+----------+
| 000020 | Michael   | 2 February                      | B01      |
| 000030 | Sally     | 11 May                          | C01      |
| 000060 | Irving    | 7 July                          | D11      |
| 000100 | Theodore  | 18 December                     | E21      |
| 000130 | Dolores   | 15 September                    | C01      |
| 000140 | Heather   | 19 October                      | C01      |
| 000150 | Bruce     | 17 May                          | D11      |
| 000160 | Elizabeth | 12 April                        | D11      |
| 000170 | Masatoshi | 5 January                       | D11      |
| 000180 | Marilyn   | 21 February                     | D11      |
| 000190 | James     | 25 June                         | D11      |
| 000200 | David     | 29 May                          | D11      |
| 000210 | William   | 23 March                        | D11      |
| 000220 | Jennifer  | 19 March                        | D11      |
| 000320 | Ramlal    | 11 August                       | E21      |
| 000330 | Wing      | 18 July                         | E21      |
| 000340 | Jason     | 17 May                          | E21      |
+--------+-----------+---------------------------------+----------+
17 rows in set (0.01 sec)

mysql> DESC Emp;
+-----------+--------------+------+-----+---------+-------+
| Field     | Type         | Null | Key | Default | Extra |
+-----------+--------------+------+-----+---------+-------+
| empno     | char(6)      | NO   | PRI | NULL    |       |
| firstname | varchar(12)  | NO   |     | NULL    |       |
| midinit   | char(1)      | NO   |     | NULL    |       |
| lastname  | varchar(15)  | NO   |     | NULL    |       |
| workdept  | char(3)      | YES  |     | NULL    |       |
| phoneno   | char(4)      | YES  |     | NULL    |       |
| hiredate  | date         | YES  |     | NULL    |       |
| job       | char(10)     | YES  |     | NULL    |       |
| edlevel   | int(2)       | YES  |     | NULL    |       |
| sex       | char(1)      | YES  |     | NULL    |       |
| birthdate | date         | YES  |     | NULL    |       |
| salary    | decimal(8,2) | YES  |     | NULL    |       |
| bonus     | decimal(8,2) | YES  |     | NULL    |       |
| comm      | decimal(8,2) | YES  |     | NULL    |       |
+-----------+--------------+------+-----+---------+-------+
14 rows in set (0.01 sec)

mysql> SELECT empno, firstname, lastname, workdept, salary + bonus + comm AS totalincome FROM Emp WHERE workdept IN ('B01', C01', 'E21');
    '> \
    '> 
    '> ^C
mysql> SELECT empno, firstname, lastname, workdept, salary + bonus + comm AS totalincome FROM Emp WHERE workdept IN ('B01', 'C01', 'E21');
+--------+-----------+----------+----------+-------------+
| empno  | firstname | lastname | workdept | totalincome |
+--------+-----------+----------+----------+-------------+
| 000020 | Michael   | Thompson | B01      |   165050.00 |
| 000030 | Sally     | Kwan     | C01      |   162110.00 |
| 000100 | Theodore  | Spenser  | E21      |   148742.00 |
| 000130 | Dolores   | Quintana | C01      |    96204.00 |
| 000140 | Heather   | Nicholls | C01      |    91294.00 |
| 000320 | Ramlal    | Mehta    | E21      |   101946.00 |
| 000330 | Wing      | Lee      | E21      |    97900.00 |
| 000340 | Jason     | Gounot   | E21      |   126247.00 |
+--------+-----------+----------+----------+-------------+
8 rows in set (0.00 sec)

mysql> SELECT lastname, DATEDIFF(CURDATE(), birthdate) / 365.25 FROM Emp;
+-----------+-----------------------------------------+
| lastname  | DATEDIFF(CURDATE(), birthdate) / 365.25 |
+-----------+-----------------------------------------+
| Haas      |                                 53.0075 |
| Thompson  |                                 38.5380 |
| Kwan      |                                 41.2676 |
| Geyer     |                                 45.9220 |
| Stern     |                                 46.1136 |
| Pulaski   |                                 38.2286 |
| Henderson |                                 45.2567 |
| Spenser   |                                 31.6632 |
| Lucchesi  |                                 37.7823 |
| Oconnell  |                                 38.8309 |
| Quintana  |                                 35.9206 |
| Nicholls  |                                 34.8282 |
| Adamson   |                                 39.2526 |
| Pianka    |                                 34.3491 |
| Yoshimura |                                 35.6140 |
| Scoutten  |                                 39.4853 |
| Walker    |                                 29.1444 |
| Brown     |                                 35.2197 |
| Jones     |                                 38.4038 |
| Lutz      |                                 42.4148 |
| Jefferson |                                 36.2163 |
| Marino    |                                 37.3799 |
| Smith     |                                 38.7625 |
| Johnson   |                                 34.8665 |
| Perez     |                                 38.2286 |
| Schneider |                                 35.3895 |
| Parker    |                                 33.1061 |
| Smith     |                                 34.8063 |
| Setright  |                                 40.3231 |
| Mehta     |                                 39.0171 |
| Lee       |                                 40.0821 |
| Gounot    |                                 45.2512 |
+-----------+-----------------------------------------+
32 rows in set (0.00 sec)

mysql> SELECT lastname, TRUNCATE(DATEDIFF(CURDATE(), birthdate) / 365.25) AS age FROM Emp;
ERROR 1064 (42000): You have an error in your SQL syntax; check the manual that corresponds to your MySQL server version for the right syntax to use near ') AS age FROM Emp' at line 1
mysql> SELECT lastname, TIMESTAMPDIFF(YEAR, birthdate, NOW()) AS age FROM Emp;
+-----------+------+
| lastname  | age  |
+-----------+------+
| Haas      |   53 |
| Thompson  |   38 |
| Kwan      |   41 |
| Geyer     |   45 |
| Stern     |   46 |
| Pulaski   |   38 |
| Henderson |   45 |
| Spenser   |   31 |
| Lucchesi  |   37 |
| Oconnell  |   38 |
| Quintana  |   35 |
| Nicholls  |   34 |
| Adamson   |   39 |
| Pianka    |   34 |
| Yoshimura |   35 |
| Scoutten  |   39 |
| Walker    |   29 |
| Brown     |   35 |
| Jones     |   38 |
| Lutz      |   42 |
| Jefferson |   36 |
| Marino    |   37 |
| Smith     |   38 |
| Johnson   |   34 |
| Perez     |   38 |
| Schneider |   35 |
| Parker    |   33 |
| Smith     |   34 |
| Setright  |   40 |
| Mehta     |   39 |
| Lee       |   40 |
| Gounot    |   45 |
+-----------+------+
32 rows in set (0.00 sec)

